-------------------------------------
Beginning Export of Single Object
ATLAAS_Shiv_v1.accdb
VCS Version 4.1.2
Full Path: C:\FAAS\Git_Setup_Prod\ATLAAS_Shiv_v1.accdb
Export Folder: C:\FAAS\Git_Setup_Prod\ATLAAS_Shiv_v1.accdb.src\
7/7/2026 9:35:40 AM
-------------------------------------
Exporting Rmkt Menu...
    Sanitized in 0.038 seconds.
-------------------------------------
Done. (1.06 seconds)

--------------------------------------------------
                PERFORMANCE REPORTS
--------------------------------------------------
Operations                    Count     Seconds
--------------------------------------------------
Parse JSON                    1         0.61
Parse JSON ISO Date           4270      0.19
Console Updates               3         0.04
Sanitize File                 1         0.04
App.SaveAsText()              1         0.04
Read File Bytes               1         0.03
Increment Progress            1         0.01
Convert to JSON               34        0.01
Read File                     2         0.01
Get File Property Hash        2         0.00
Write File                    2         0.00
Get VBA Hash                  1         0.00
Read File DevMode             1         0.00
Delete File                   3         0.00
Compute SHA256                6         0.00
modFileAccess.VerifyPath      3         0.00
Sanitize VBA Code             1         0.00
Get Modified Date             2         0.00
--------------------------------------------------
Other Operations                        0.08
--------------------------------------------------


